\BOOKMARK [1][-]{section.1}{\376\377\000I\000n\000t\000r\000o\000d\000u\000c\000t\000i\000o\000n}{}% 1
\BOOKMARK [2][-]{subsection.1.1}{\376\377\000D\000e\000s\000i\000g\000n\000\040\000g\000o\000a\000l\000s}{section.1}% 2
\BOOKMARK [2][-]{subsection.1.2}{\376\377\000W\000h\000a\000t\000\040\000C\000A\000T\000\040\000i\000s\000\040\000n\000o\000t}{section.1}% 3
\BOOKMARK [1][-]{section.2}{\376\377\000A\000r\000c\000h\000i\000t\000e\000c\000t\000u\000r\000e}{}% 4
\BOOKMARK [2][-]{subsection.2.1}{\376\377\000W\000h\000y\000\040\000t\000h\000e\000\040\000b\000r\000o\000w\000s\000e\000r\000\040\000c\000a\000n\000\040\000h\000o\000l\000d\000\040\000t\000h\000e\000\040\000k\000e\000y\000s\000\040\000i\000t\000\040\000d\000o\000e\000s}{section.2}% 5
\BOOKMARK [2][-]{subsection.2.2}{\376\377\000W\000h\000y\000\040\000t\000h\000e\000\040\000a\000g\000e\000n\000t\000\040\000a\000n\000s\000w\000e\000r\000s\000\040\000a\000s\000y\000n\000c\000h\000r\000o\000n\000o\000u\000s\000l\000y}{section.2}% 6
\BOOKMARK [1][-]{section.3}{\376\377\000T\000h\000e\000\040\000p\000e\000r\000m\000i\000s\000s\000i\000o\000n\000\040\000m\000o\000d\000e\000l}{}% 7
\BOOKMARK [2][-]{subsection.3.1}{\376\377\000A\000\040\000s\000u\000b\000t\000l\000e\000t\000y\000\040\000w\000o\000r\000t\000h\000\040\000s\000t\000a\000t\000i\000n\000g}{section.3}% 8
\BOOKMARK [1][-]{section.4}{\376\377\000D\000a\000t\000a\000\040\000m\000o\000d\000e\000l}{}% 9
\BOOKMARK [2][-]{subsection.4.1}{\376\377\000S\000p\000e\000c\000i\000a\000l\000t\000i\000e\000s\000\040\000a\000n\000d\000\040\000c\000o\000d\000e\000\040\000a\000r\000e\000a\000s}{section.4}% 10
\BOOKMARK [2][-]{subsection.4.2}{\376\377\000M\000e\000s\000s\000a\000g\000e\000s}{section.4}% 11
\BOOKMARK [1][-]{section.5}{\376\377\000U\000s\000i\000n\000g\000\040\000C\000A\000T}{}% 12
\BOOKMARK [2][-]{subsection.5.1}{\376\377\000S\000i\000g\000n\000i\000n\000g\000\040\000i\000n}{section.5}% 13
\BOOKMARK [2][-]{subsection.5.2}{\376\377\000C\000h\000a\000n\000n\000e\000l\000s}{section.5}% 14
\BOOKMARK [2][-]{subsection.5.3}{\376\377\000T\000a\000l\000k\000i\000n\000g\000\040\000t\000o\000\040\000a\000n\000\040\000a\000g\000e\000n\000t}{section.5}% 15
\BOOKMARK [2][-]{subsection.5.4}{\376\377\000I\000n\000t\000e\000r\000f\000a\000c\000e\000\040\000s\000i\000z\000e}{section.5}% 16
\BOOKMARK [1][-]{section.6}{\376\377\000A\000d\000m\000i\000n\000i\000s\000t\000r\000a\000t\000i\000o\000n}{}% 17
\BOOKMARK [2][-]{subsection.6.1}{\376\377\000A\000d\000d\000i\000n\000g\000\040\000a\000\040\000p\000e\000r\000s\000o\000n}{section.6}% 18
\BOOKMARK [2][-]{subsection.6.2}{\376\377\000S\000e\000e\000i\000n\000g\000\040\000w\000h\000o\000\040\000i\000s\000\040\000i\000n\000\040\000t\000h\000e\000\040\000w\000o\000r\000k\000s\000p\000a\000c\000e}{section.6}% 19
\BOOKMARK [2][-]{subsection.6.3}{\376\377\000A\000d\000d\000i\000n\000g\000\040\000a\000\040\000c\000h\000a\000n\000n\000e\000l}{section.6}% 20
\BOOKMARK [2][-]{subsection.6.4}{\376\377\000A\000d\000d\000i\000n\000g\000\040\000a\000n\000\040\000a\000g\000e\000n\000t}{section.6}% 21
\BOOKMARK [1][-]{section.7}{\376\377\000D\000e\000p\000l\000o\000y\000m\000e\000n\000t}{}% 22
\BOOKMARK [2][-]{subsection.7.1}{\376\377\000S\000u\000p\000a\000b\000a\000s\000e}{section.7}% 23
\BOOKMARK [2][-]{subsection.7.2}{\376\377\000T\000h\000e\000\040\000E\000d\000g\000e\000\040\000F\000u\000n\000c\000t\000i\000o\000n}{section.7}% 24
\BOOKMARK [2][-]{subsection.7.3}{\376\377\000G\000i\000t\000H\000u\000b\000\040\000P\000a\000g\000e\000s}{section.7}% 25
\BOOKMARK [1][-]{section.8}{\376\377\000T\000e\000s\000t\000i\000n\000g}{}% 26
\BOOKMARK [1][-]{section.9}{\376\377\000L\000i\000m\000i\000t\000a\000t\000i\000o\000n\000s\000\040\000a\000n\000d\000\040\000f\000u\000t\000u\000r\000e\000\040\000w\000o\000r\000k}{}% 27
